Failure: for azurerm_network_watcher_flow_log.test on azurerm_network_watcher_flow_log. 7 is not more than 90.