 Failure: Can not find false in publicly_accessible property of aws_rds_cluster_instance.cluster_instances