Failure: aws_efs_file_system.foo \(aws_efs_file_system\) does not have encrypted property.