Failure: aws_dynamodb_table.basic-dynamodb-table \(aws_dynamodb_table\) does not have server_side_encryption property.