Failure: Can not find true in https_only property of azurerm_app_service.example.