Failure: Forcefully failing the scenario on aws_iam_user_policy_attachment \(aws_iam_user_policy_attachment.test-attach\) resource