Failure: encrypted property in aws_instance.web resource does not match with \^True\$ case insensitive regex. It is set to False.