Failure: Can not find false in publicly_accessible property of aws_db_instance.default.