Failure: Can not find HTTPS in protocol property of aws_lb_listener.front_end.