Failure: encrypted property in .* resource does not match with \^True\$ case insensitive regex. It is set to False.