disabled_alerts property in azurerm_mssql_server_security_alert_policy.example is considered to be not Null. It is set to .*