Failure: enabled property in aws_dynamodb_table.basic-dynamodb-table resource does not match with \^true\$ case insensitive regex. It is set to False.