Failure: 0.0.0.0/0 property exists in .* \(aws_eks_cluster\).