Failure: enabled property in azurerm_network_watcher_flow_log.test resource does not match with \^true\$ case insensitive regex. It is set to False.