Failure: http2_enabled property in azurerm_app_service.example resource does not match with \^true\$ case insensitive regex. It is set to False.