Failure: Can not find true in at_rest_encryption_enabled property of aws_elasticache_replication_group.example.