Failure: aws_s3_bucket.mybucket \(aws_s3_bucket\) does not have versioning property.