Failure: Can not find true in encrypted property of aws_ebs_volume.example.