Failure: kms_key_id property in aws_cloudtrail.foobar is considered to be Null. It is set to None.