Failure: email_addresses property in azurerm_mssql_server_security_alert_policy.example is considered to be Null. It is set to None.