Failure: kms_master_key_id property in aws_sns_topic.user_updates is considered to be Null. It is set to None.