Failure: Principal property in aws_ecr_repository_policy.foopolicy resource matches with .* case insensitive regex. It is set to *.