Failure: Can not find true in enabled property of azurerm_app_service.example.