Failure: resource property in .* resource matches with .* case insensitive regex. It is set to *.