Failure: encrypted property in .* resource does not match with \^true\$ case insensitive regex. It is set to False.