Failure: kms_key_id property in aws_sagemaker_notebook_instance.ni is considered to be Null. It is set to None.