Failure: start_ip_address property in azurerm_mariadb_firewall_rule.example resource matches with .* case insensitive regex. It is set to 0.0.0.0.
Failure: start_ip_address property in azurerm_sql_firewall_rule.example resource matches with .* case insensitive regex. It is set to 0.0.0.0.
Failure: start_ip_address property in azurerm_postgresql_firewall_rule.example resource matches with .* case insensitive regex. It is set to 0.0.0.0.
Failure: start_ip_address property in azurerm_mysql_firewall_rule.example resource matches with .* case insensitive regex. It is set to 0.0.0.0.
